b'<note>\n\t<to>Reader</to>\n\t<from>ME</from>\n\t<heading>Protip</heading>\n\t<body>No time like the present</body>\n</note>'